A detailed report will be created at '/home/travis/build/retest/recheck-web/target/test-classes/retest/recheck/de.retest.web.it.SimplePageDiffIT.report'. You can review the details by using our CLI (https://github.com/retest/recheck.cli/) or GUI (https://retest.de/review/).

1 check(s) in 'de.retest.web.it.SimplePageDiffIT' found the following difference(s):
Test 'testSimpleChange' has 4 difference(s) in 1 state(s):
open resulted in:
	Metadata Differences:
		browser.name: expected="null", actual="chrome"
		browser.version: expected="null", actual="79.0.3945.130"
		check.type: expected="null", actual="driver"
		driver.type: expected="null", actual="ChromeDriver"
		os.name: expected="null", actual="LINUX"
		os.version: expected="null", actual="5.0.0-1026-gcp"
		url: expected="null", actual="file:///home/travis/build/retest/recheck-web/src/test/resources/pages/simple-page-diff.html"
		window.height: expected="null", actual="800"
		window.width: expected="null", actual="1200"
	div at 'html[1]/body[1]/div[3]':
		id: expected="twoblocks", actual="changedblock"
	p [Some text] at 'html[1]/body[1]/div[3]/p[1]':
		text: expected="Some text", actual="Some changed text"
	p [Some more text] at 'html[1]/body[1]/div[3]/p[2]':
		was deleted
	h2 [Subheading] at 'html[1]/body[1]/h2[1]':
		was inserted
